@[translated]
module main

enum MyEnum {
	a
	b
	c
}

enum MyAnotherEnum {
	d
	e
	f
}

enum MyStrangeEnum {
	g
	h
	i
}

// empty enum
const j = 1

fn enum_func(a MyEnum) {
}

fn enum_func_const(a MyEnum) {
}

fn main() {
	my_enum_var := MyEnum.a
	my_enum_var2 := MyAnotherEnum.d
	my_enum_var3 := MyStrangeEnum.g
	my_int_var := j
	enum_func(my_enum_var)
	enum_func_const(my_enum_var)
	return
}
