@[translated]
module main

fn foo(value int) bool {
	return value == 2
}

