@[translated]
module tests

fn C.testFunc()

pub fn test_func() {
	C.testFunc()
}
